// Jest Snapshot v1, https://goo.gl/fbAQLP

exports[`Smoke and snapshot tests for app should match snapshot 1`] = `
<DocumentFragment>
  <div
    class="App"
  >
    <div
      class="NavBar"
    >
      <a
        aria-current="page"
        class="NavBar-Home active"
        href="/"
      >
        Jobly
      </a>
      <a
        class=""
        href="/login"
      >
        Login
      </a>
      <a
        class=""
        href="/signup"
      >
        Signup
      </a>
    </div>
    <h2>
      You must be a user to see jobs and companies
    </h2>
    <a
      href="/login"
    >
      Login
    </a>
    <a
      href="/signup"
    >
      Signup
    </a>
  </div>
</DocumentFragment>
`;
