// Jest Snapshot v1, https://goo.gl/fbAQLP

exports[`Smoke and snapshot CompanyCard test should match snapshot 1`] = `
<DocumentFragment>
  <form
    action="/"
    method="get"
  >
    <label
      for="username"
    >
      Username:
    </label>
    <input
      id="username"
      name="username"
      placeholder="username"
      type="text"
      value=""
    />
    <label
      for="password"
    >
      Password:
    </label>
    <input
      id="password"
      name="password"
      placeholder="password"
      type="password"
      value=""
    />
    <button
      type="submit"
    >
      Login
    </button>
  </form>
</DocumentFragment>
`;
