// Jest Snapshot v1, https://goo.gl/fbAQLP

exports[`Smoke and snapshot CompanyCard test should match snapshot 1`] = `
<DocumentFragment>
  <form
    action="/"
    method="get"
  >
    <label
      for="username"
    >
      Username:
    </label>
    <input
      id="username"
      name="username"
      placeholder="username"
      type="text"
      value=""
    />
    <label
      for="password"
    >
      Password:
    </label>
    <input
      id="password"
      name="password"
      placeholder="password"
      type="password"
      value=""
    />
    <label
      for="firstName"
    >
      First name:
    </label>
    <input
      id="firstName"
      name="firstName"
      placeholder="first name"
      type="text"
      value=""
    />
    <label
      for="lastName"
    >
      Last name:
    </label>
    <input
      id="lastName"
      name="lastName"
      placeholder="last name"
      type="text"
      value=""
    />
    <label
      for="email"
    >
      Email:
    </label>
    <input
      id="email"
      name="email"
      placeholder="email"
      type="text"
      value=""
    />
    <button
      type="submit"
    >
      Sign Up!
    </button>
  </form>
</DocumentFragment>
`;
